/lustre/home/pstika/projects/PSBD-ViT/.venv/lib/python3.11/site-packages/torchvision/transforms/v2/_deprecated.py:42: UserWarning: The transform `ToTensor()` is deprecated and will be removed in a future release. Instead, please use `v2.Compose([v2.ToImage(), v2.ToDtype(torch.float32, scale=True)])`.Output is equivalent up to float precision.
  warnings.warn(
Seed set to 0
Seed set to 0
Seed set to 0
Seed set to 0
Seed set to 0
Seed set to 0
Seed set to 0
Seed set to 0
Seed set to 0
Seed set to 0
Seed set to 0
Seed set to 0
Seed set to 0
Seed set to 0
Seed set to 0
Seed set to 0
Seed set to 0
Seed set to 0
Seed set to 0
Seed set to 0
Seed set to 0
Seed set to 0
Seed set to 0
Seed set to 0
Seed set to 0
Seed set to 0
Seed set to 0
Seed set to 0
Seed set to 0
Seed set to 0
Seed set to 0
Seed set to 0
Seed set to 0
Seed set to 0
Seed set to 0
Seed set to 0
Seed set to 0
Seed set to 0
Seed set to 0
Seed set to 0
Seed set to 0
Seed set to 0
Seed set to 0
Seed set to 0
Seed set to 0
Seed set to 0
Seed set to 0
Seed set to 0
Seed set to 0
[ok] vit_gtsrb_badnet_a2o_0_05_trig_p12 post_residual
PEAK_MEM_MB 875
