00:08:38 start vit_cifar10_lf_0_1
/lustre/home/pstika/projects/PSBD-ViT/.venv/lib/python3.11/site-packages/torchvision/transforms/v2/_deprecated.py:42: UserWarning: The transform `ToTensor()` is deprecated and will be removed in a future release. Instead, please use `v2.Compose([v2.ToImage(), v2.ToDtype(torch.float32, scale=True)])`.Output is equivalent up to float precision.
  warnings.warn(
Seed set to 0
Seed set to 0
Seed set to 0
Seed set to 0
00:31:16 done vit_cifar10_lf_0_1 1358 s
00:31:16 start vit_cifar10_lf_0_05
/lustre/home/pstika/projects/PSBD-ViT/.venv/lib/python3.11/site-packages/torchvision/transforms/v2/_deprecated.py:42: UserWarning: The transform `ToTensor()` is deprecated and will be removed in a future release. Instead, please use `v2.Compose([v2.ToImage(), v2.ToDtype(torch.float32, scale=True)])`.Output is equivalent up to float precision.
  warnings.warn(
Seed set to 0
Seed set to 0
Seed set to 0
Seed set to 0
00:53:59 done vit_cifar10_lf_0_05 1363 s
00:53:59 start vit_cifar10_lf_0_01
/lustre/home/pstika/projects/PSBD-ViT/.venv/lib/python3.11/site-packages/torchvision/transforms/v2/_deprecated.py:42: UserWarning: The transform `ToTensor()` is deprecated and will be removed in a future release. Instead, please use `v2.Compose([v2.ToImage(), v2.ToDtype(torch.float32, scale=True)])`.Output is equivalent up to float precision.
  warnings.warn(
Seed set to 0
Seed set to 0
Seed set to 0
Seed set to 0
01:16:58 done vit_cifar10_lf_0_01 1379 s
01:16:58 start vit_cifar10_bpp_0_1
/lustre/home/pstika/projects/PSBD-ViT/.venv/lib/python3.11/site-packages/torchvision/transforms/v2/_deprecated.py:42: UserWarning: The transform `ToTensor()` is deprecated and will be removed in a future release. Instead, please use `v2.Compose([v2.ToImage(), v2.ToDtype(torch.float32, scale=True)])`.Output is equivalent up to float precision.
  warnings.warn(
Seed set to 0
Seed set to 0
Seed set to 0
Seed set to 0
01:39:42 done vit_cifar10_bpp_0_1 1364 s
01:39:42 start vit_cifar10_bpp_0_01
/lustre/home/pstika/projects/PSBD-ViT/.venv/lib/python3.11/site-packages/torchvision/transforms/v2/_deprecated.py:42: UserWarning: The transform `ToTensor()` is deprecated and will be removed in a future release. Instead, please use `v2.Compose([v2.ToImage(), v2.ToDtype(torch.float32, scale=True)])`.Output is equivalent up to float precision.
  warnings.warn(
Seed set to 0
Seed set to 0
Seed set to 0
Seed set to 0
02:02:35 done vit_cifar10_bpp_0_01 1373 s
02:02:35 start vit_cifar10_blend_0_05
/lustre/home/pstika/projects/PSBD-ViT/.venv/lib/python3.11/site-packages/torchvision/transforms/v2/_deprecated.py:42: UserWarning: The transform `ToTensor()` is deprecated and will be removed in a future release. Instead, please use `v2.Compose([v2.ToImage(), v2.ToDtype(torch.float32, scale=True)])`.Output is equivalent up to float precision.
  warnings.warn(
Seed set to 0
Seed set to 0
Seed set to 0
Seed set to 0
02:25:24 done vit_cifar10_blend_0_05 1369 s
02:25:24 start vit_cifar10_blend_0_01
/lustre/home/pstika/projects/PSBD-ViT/.venv/lib/python3.11/site-packages/torchvision/transforms/v2/_deprecated.py:42: UserWarning: The transform `ToTensor()` is deprecated and will be removed in a future release. Instead, please use `v2.Compose([v2.ToImage(), v2.ToDtype(torch.float32, scale=True)])`.Output is equivalent up to float precision.
  warnings.warn(
Seed set to 0
Seed set to 0
Seed set to 0
Seed set to 0
02:48:26 done vit_cifar10_blend_0_01 1382 s
02:48:26 start vit_cifar10_badnet_a2o_0_1
/lustre/home/pstika/projects/PSBD-ViT/.venv/lib/python3.11/site-packages/torchvision/transforms/v2/_deprecated.py:42: UserWarning: The transform `ToTensor()` is deprecated and will be removed in a future release. Instead, please use `v2.Compose([v2.ToImage(), v2.ToDtype(torch.float32, scale=True)])`.Output is equivalent up to float precision.
  warnings.warn(
Seed set to 0
Seed set to 0
Seed set to 0
Seed set to 0
03:11:21 done vit_cifar10_badnet_a2o_0_1 1374 s
03:11:21 start vit_cifar10_badnet_a2o_0_05
/lustre/home/pstika/projects/PSBD-ViT/.venv/lib/python3.11/site-packages/torchvision/transforms/v2/_deprecated.py:42: UserWarning: The transform `ToTensor()` is deprecated and will be removed in a future release. Instead, please use `v2.Compose([v2.ToImage(), v2.ToDtype(torch.float32, scale=True)])`.Output is equivalent up to float precision.
  warnings.warn(
Seed set to 0
Seed set to 0
Seed set to 0
Seed set to 0
03:31:47 done vit_cifar10_badnet_a2o_0_05 1226 s
03:31:47 start vit_gtsrb_lf_0_1
/lustre/home/pstika/projects/PSBD-ViT/.venv/lib/python3.11/site-packages/torchvision/transforms/v2/_deprecated.py:42: UserWarning: The transform `ToTensor()` is deprecated and will be removed in a future release. Instead, please use `v2.Compose([v2.ToImage(), v2.ToDtype(torch.float32, scale=True)])`.Output is equivalent up to float precision.
  warnings.warn(
Seed set to 0
Seed set to 0
Seed set to 0
Seed set to 0
Seed set to 0
Seed set to 0
Seed set to 0
04:12:10 done vit_gtsrb_lf_0_1 2423 s
04:12:10 start vit_gtsrb_lf_0_05
/lustre/home/pstika/projects/PSBD-ViT/.venv/lib/python3.11/site-packages/torchvision/transforms/v2/_deprecated.py:42: UserWarning: The transform `ToTensor()` is deprecated and will be removed in a future release. Instead, please use `v2.Compose([v2.ToImage(), v2.ToDtype(torch.float32, scale=True)])`.Output is equivalent up to float precision.
  warnings.warn(
Seed set to 0
Seed set to 0
Seed set to 0
Seed set to 0
Seed set to 0
Seed set to 0
Seed set to 0
04:31:24 done vit_gtsrb_lf_0_05 1154 s
04:31:24 start vit_gtsrb_lc_0_05_tl1_adv
/lustre/home/pstika/projects/PSBD-ViT/.venv/lib/python3.11/site-packages/torchvision/transforms/v2/_deprecated.py:42: UserWarning: The transform `ToTensor()` is deprecated and will be removed in a future release. Instead, please use `v2.Compose([v2.ToImage(), v2.ToDtype(torch.float32, scale=True)])`.Output is equivalent up to float precision.
  warnings.warn(
Seed set to 0
Seed set to 0
Seed set to 0
Seed set to 0
Seed set to 0
Seed set to 0
Seed set to 0
04:47:57 done vit_gtsrb_lc_0_05_tl1_adv 993 s
04:47:59 tail finished 0
