17:51:11 start vit_gtsrb_tact_0_05
/lustre/home/pstika/projects/PSBD-ViT/.venv/lib/python3.11/site-packages/torchvision/transforms/v2/_deprecated.py:42: UserWarning: The transform `ToTensor()` is deprecated and will be removed in a future release. Instead, please use `v2.Compose([v2.ToImage(), v2.ToDtype(torch.float32, scale=True)])`.Output is equivalent up to float precision.
  warnings.warn(
Seed set to 0
Seed set to 0
Seed set to 0
Seed set to 0
Seed set to 0
Seed set to 0
Seed set to 0
17:59:46 done vit_gtsrb_tact_0_05 515 s
17:59:46 start vit_cifar10_wanet_0_1
/lustre/home/pstika/projects/PSBD-ViT/.venv/lib/python3.11/site-packages/torchvision/transforms/v2/_deprecated.py:42: UserWarning: The transform `ToTensor()` is deprecated and will be removed in a future release. Instead, please use `v2.Compose([v2.ToImage(), v2.ToDtype(torch.float32, scale=True)])`.Output is equivalent up to float precision.
  warnings.warn(
Seed set to 0
Seed set to 0
Seed set to 0
Seed set to 0
18:05:52 done vit_cifar10_wanet_0_1 366 s
18:05:52 start vit_gtsrb_wanet_0_1
/lustre/home/pstika/projects/PSBD-ViT/.venv/lib/python3.11/site-packages/torchvision/transforms/v2/_deprecated.py:42: UserWarning: The transform `ToTensor()` is deprecated and will be removed in a future release. Instead, please use `v2.Compose([v2.ToImage(), v2.ToDtype(torch.float32, scale=True)])`.Output is equivalent up to float precision.
  warnings.warn(
Seed set to 0
Seed set to 0
Seed set to 0
Seed set to 0
Seed set to 0
Seed set to 0
Seed set to 0
18:20:14 done vit_gtsrb_wanet_0_1 862 s
18:20:14 start vit_cifar10_bpp_0_05
/lustre/home/pstika/projects/PSBD-ViT/.venv/lib/python3.11/site-packages/torchvision/transforms/v2/_deprecated.py:42: UserWarning: The transform `ToTensor()` is deprecated and will be removed in a future release. Instead, please use `v2.Compose([v2.ToImage(), v2.ToDtype(torch.float32, scale=True)])`.Output is equivalent up to float precision.
  warnings.warn(
Seed set to 0
Seed set to 0
Seed set to 0
Seed set to 0
18:25:49 done vit_cifar10_bpp_0_05 336 s
18:25:49 start vit_gtsrb_bpp_0_01
/lustre/home/pstika/projects/PSBD-ViT/.venv/lib/python3.11/site-packages/torchvision/transforms/v2/_deprecated.py:42: UserWarning: The transform `ToTensor()` is deprecated and will be removed in a future release. Instead, please use `v2.Compose([v2.ToImage(), v2.ToDtype(torch.float32, scale=True)])`.Output is equivalent up to float precision.
  warnings.warn(
Seed set to 0
Seed set to 0
Seed set to 0
Seed set to 0
Seed set to 0
Seed set to 0
Seed set to 0
18:42:04 done vit_gtsrb_bpp_0_01 975 s
18:42:16 start vit_gtsrb_bpp_0_1
/lustre/home/pstika/projects/PSBD-ViT/.venv/lib/python3.11/site-packages/torchvision/transforms/v2/_deprecated.py:42: UserWarning: The transform `ToTensor()` is deprecated and will be removed in a future release. Instead, please use `v2.Compose([v2.ToImage(), v2.ToDtype(torch.float32, scale=True)])`.Output is equivalent up to float precision.
  warnings.warn(
Seed set to 0
Seed set to 0
Seed set to 0
Seed set to 0
Seed set to 0
Seed set to 0
Seed set to 0
18:58:09 done vit_gtsrb_bpp_0_1 953 s
18:58:09 start vit_cifar10_blend_0_1
/lustre/home/pstika/projects/PSBD-ViT/.venv/lib/python3.11/site-packages/torchvision/transforms/v2/_deprecated.py:42: UserWarning: The transform `ToTensor()` is deprecated and will be removed in a future release. Instead, please use `v2.Compose([v2.ToImage(), v2.ToDtype(torch.float32, scale=True)])`.Output is equivalent up to float precision.
  warnings.warn(
Seed set to 0
Seed set to 0
Seed set to 0
Seed set to 0
19:04:15 done vit_cifar10_blend_0_1 366 s
19:04:15 start vit_cifar10_badnet_a2o_0_01
/lustre/home/pstika/projects/PSBD-ViT/.venv/lib/python3.11/site-packages/torchvision/transforms/v2/_deprecated.py:42: UserWarning: The transform `ToTensor()` is deprecated and will be removed in a future release. Instead, please use `v2.Compose([v2.ToImage(), v2.ToDtype(torch.float32, scale=True)])`.Output is equivalent up to float precision.
  warnings.warn(
Seed set to 0
Seed set to 0
Seed set to 0
Seed set to 0
19:09:44 done vit_cifar10_badnet_a2o_0_01 329 s
19:09:44 start vit_gtsrb_lf_0_01
/lustre/home/pstika/projects/PSBD-ViT/.venv/lib/python3.11/site-packages/torchvision/transforms/v2/_deprecated.py:42: UserWarning: The transform `ToTensor()` is deprecated and will be removed in a future release. Instead, please use `v2.Compose([v2.ToImage(), v2.ToDtype(torch.float32, scale=True)])`.Output is equivalent up to float precision.
  warnings.warn(
Seed set to 0
Seed set to 0
Seed set to 0
Seed set to 0
Seed set to 0
Seed set to 0
Seed set to 0
19:26:36 done vit_gtsrb_lf_0_01 1012 s
19:26:46 start vit_cifar100_tact_0_01_src5
/lustre/home/pstika/projects/PSBD-ViT/.venv/lib/python3.11/site-packages/torchvision/transforms/v2/_deprecated.py:42: UserWarning: The transform `ToTensor()` is deprecated and will be removed in a future release. Instead, please use `v2.Compose([v2.ToImage(), v2.ToDtype(torch.float32, scale=True)])`.Output is equivalent up to float precision.
  warnings.warn(
Seed set to 0
Seed set to 0
Seed set to 0
Seed set to 0
Seed set to 0
Seed set to 0
Seed set to 0
Seed set to 0
Seed set to 0
Seed set to 0
Seed set to 0
Seed set to 0
Seed set to 0
Seed set to 0
Seed set to 0
Seed set to 0
Seed set to 0
Seed set to 0
Seed set to 0
Seed set to 0
19:35:14 done vit_cifar100_tact_0_01_src5 508 s
19:35:14 start vit_cifar100_tact_0_05_src25
/lustre/home/pstika/projects/PSBD-ViT/.venv/lib/python3.11/site-packages/torchvision/transforms/v2/_deprecated.py:42: UserWarning: The transform `ToTensor()` is deprecated and will be removed in a future release. Instead, please use `v2.Compose([v2.ToImage(), v2.ToDtype(torch.float32, scale=True)])`.Output is equivalent up to float precision.
  warnings.warn(
Seed set to 0
Seed set to 0
Seed set to 0
Seed set to 0
Seed set to 0
Seed set to 0
Seed set to 0
Seed set to 0
Seed set to 0
Seed set to 0
Seed set to 0
Seed set to 0
Seed set to 0
Seed set to 0
Seed set to 0
Seed set to 0
Seed set to 0
Seed set to 0
Seed set to 0
Seed set to 0
Seed set to 0
19:44:42 done vit_cifar100_tact_0_05_src25 568 s
19:44:42 start vit_cifar10_tact_0_1_src5
/lustre/home/pstika/projects/PSBD-ViT/.venv/lib/python3.11/site-packages/torchvision/transforms/v2/_deprecated.py:42: UserWarning: The transform `ToTensor()` is deprecated and will be removed in a future release. Instead, please use `v2.Compose([v2.ToImage(), v2.ToDtype(torch.float32, scale=True)])`.Output is equivalent up to float precision.
  warnings.warn(
Seed set to 0
Seed set to 0
Seed set to 0
Seed set to 0
Seed set to 0
Seed set to 0
Seed set to 0
Seed set to 0
Seed set to 0
Seed set to 0
Seed set to 0
Seed set to 0
Seed set to 0
Seed set to 0
Seed set to 0
Seed set to 0
Seed set to 0
Seed set to 0
Seed set to 0
Seed set to 0
Seed set to 0
Seed set to 0
Seed set to 0
19:56:35 done vit_cifar10_tact_0_1_src5 713 s
19:56:35 start vit_gtsrb_tact_0_1_src12
/lustre/home/pstika/projects/PSBD-ViT/.venv/lib/python3.11/site-packages/torchvision/transforms/v2/_deprecated.py:42: UserWarning: The transform `ToTensor()` is deprecated and will be removed in a future release. Instead, please use `v2.Compose([v2.ToImage(), v2.ToDtype(torch.float32, scale=True)])`.Output is equivalent up to float precision.
  warnings.warn(
Seed set to 0
Seed set to 0
Seed set to 0
Seed set to 0
Seed set to 0
Seed set to 0
Seed set to 0
Seed set to 0
Seed set to 0
Seed set to 0
Seed set to 0
Seed set to 0
Seed set to 0
Seed set to 0
Seed set to 0
Seed set to 0
Seed set to 0
Seed set to 0
Seed set to 0
Seed set to 0
Seed set to 0
20:10:28 done vit_gtsrb_tact_0_1_src12 832 s
20:10:33 start vit_tiny_tact_0_01_src10
/lustre/home/pstika/projects/PSBD-ViT/.venv/lib/python3.11/site-packages/torchvision/transforms/v2/_deprecated.py:42: UserWarning: The transform `ToTensor()` is deprecated and will be removed in a future release. Instead, please use `v2.Compose([v2.ToImage(), v2.ToDtype(torch.float32, scale=True)])`.Output is equivalent up to float precision.
  warnings.warn(
Seed set to 0
Seed set to 0
Seed set to 0
Seed set to 0
Seed set to 0
Seed set to 0
Seed set to 0
Seed set to 0
Seed set to 0
Seed set to 0
Seed set to 0
Seed set to 0
Seed set to 0
Seed set to 0
Seed set to 0
Seed set to 0
Seed set to 0
Seed set to 0
Seed set to 0
Seed set to 0
Seed set to 0
20:19:27 done vit_tiny_tact_0_01_src10 534 s
20:19:27 start vit_tiny_tact_0_05_src50
/lustre/home/pstika/projects/PSBD-ViT/.venv/lib/python3.11/site-packages/torchvision/transforms/v2/_deprecated.py:42: UserWarning: The transform `ToTensor()` is deprecated and will be removed in a future release. Instead, please use `v2.Compose([v2.ToImage(), v2.ToDtype(torch.float32, scale=True)])`.Output is equivalent up to float precision.
  warnings.warn(
Seed set to 0
Seed set to 0
Seed set to 0
Seed set to 0
Seed set to 0
Seed set to 0
Seed set to 0
Seed set to 0
Seed set to 0
Seed set to 0
Seed set to 0
Seed set to 0
Seed set to 0
Seed set to 0
Seed set to 0
Seed set to 0
Seed set to 0
Seed set to 0
Seed set to 0
Seed set to 0
Seed set to 0
20:29:03 done vit_tiny_tact_0_05_src50 576 s
20:29:03 start vit_cifar100_badnet_a2o_0_01
/lustre/home/pstika/projects/PSBD-ViT/.venv/lib/python3.11/site-packages/torchvision/transforms/v2/_deprecated.py:42: UserWarning: The transform `ToTensor()` is deprecated and will be removed in a future release. Instead, please use `v2.Compose([v2.ToImage(), v2.ToDtype(torch.float32, scale=True)])`.Output is equivalent up to float precision.
  warnings.warn(
Seed set to 0
Seed set to 0
Seed set to 0
Seed set to 0
20:35:36 done vit_cifar100_badnet_a2o_0_01 393 s
20:35:36 start vit_cifar100_badnet_a2o_0_05
/lustre/home/pstika/projects/PSBD-ViT/.venv/lib/python3.11/site-packages/torchvision/transforms/v2/_deprecated.py:42: UserWarning: The transform `ToTensor()` is deprecated and will be removed in a future release. Instead, please use `v2.Compose([v2.ToImage(), v2.ToDtype(torch.float32, scale=True)])`.Output is equivalent up to float precision.
  warnings.warn(
Seed set to 0
Seed set to 0
Seed set to 0
Seed set to 0
20:42:15 done vit_cifar100_badnet_a2o_0_05 399 s
20:42:15 start vit_cifar100_badnet_a2o_0_1
/lustre/home/pstika/projects/PSBD-ViT/.venv/lib/python3.11/site-packages/torchvision/transforms/v2/_deprecated.py:42: UserWarning: The transform `ToTensor()` is deprecated and will be removed in a future release. Instead, please use `v2.Compose([v2.ToImage(), v2.ToDtype(torch.float32, scale=True)])`.Output is equivalent up to float precision.
  warnings.warn(
Seed set to 0
Seed set to 0
Seed set to 0
Seed set to 0
20:47:12 done vit_cifar100_badnet_a2o_0_1 297 s
20:47:12 start vit_cifar100_blend_0_01
/lustre/home/pstika/projects/PSBD-ViT/.venv/lib/python3.11/site-packages/torchvision/transforms/v2/_deprecated.py:42: UserWarning: The transform `ToTensor()` is deprecated and will be removed in a future release. Instead, please use `v2.Compose([v2.ToImage(), v2.ToDtype(torch.float32, scale=True)])`.Output is equivalent up to float precision.
  warnings.warn(
Seed set to 0
Seed set to 0
Seed set to 0
Seed set to 0
20:53:33 done vit_cifar100_blend_0_01 380 s
21:18:49 start vit_cifar100_blend_0_05
/lustre/home/pstika/projects/PSBD-ViT/.venv/lib/python3.11/site-packages/torchvision/transforms/v2/_deprecated.py:42: UserWarning: The transform `ToTensor()` is deprecated and will be removed in a future release. Instead, please use `v2.Compose([v2.ToImage(), v2.ToDtype(torch.float32, scale=True)])`.Output is equivalent up to float precision.
  warnings.warn(
Seed set to 0
Seed set to 0
Seed set to 0
Seed set to 0
21:24:43 done vit_cifar100_blend_0_05 354 s
21:24:43 start vit_cifar100_blend_0_1
/lustre/home/pstika/projects/PSBD-ViT/.venv/lib/python3.11/site-packages/torchvision/transforms/v2/_deprecated.py:42: UserWarning: The transform `ToTensor()` is deprecated and will be removed in a future release. Instead, please use `v2.Compose([v2.ToImage(), v2.ToDtype(torch.float32, scale=True)])`.Output is equivalent up to float precision.
  warnings.warn(
Seed set to 0
Seed set to 0
Seed set to 0
Seed set to 0
21:30:38 done vit_cifar100_blend_0_1 355 s
21:30:38 start vit_cifar100_bpp_0_01
/lustre/home/pstika/projects/PSBD-ViT/.venv/lib/python3.11/site-packages/torchvision/transforms/v2/_deprecated.py:42: UserWarning: The transform `ToTensor()` is deprecated and will be removed in a future release. Instead, please use `v2.Compose([v2.ToImage(), v2.ToDtype(torch.float32, scale=True)])`.Output is equivalent up to float precision.
  warnings.warn(
Seed set to 0
Seed set to 0
Seed set to 0
Seed set to 0
21:36:32 done vit_cifar100_bpp_0_01 354 s
21:36:32 start vit_cifar100_bpp_0_05
/lustre/home/pstika/projects/PSBD-ViT/.venv/lib/python3.11/site-packages/torchvision/transforms/v2/_deprecated.py:42: UserWarning: The transform `ToTensor()` is deprecated and will be removed in a future release. Instead, please use `v2.Compose([v2.ToImage(), v2.ToDtype(torch.float32, scale=True)])`.Output is equivalent up to float precision.
  warnings.warn(
Seed set to 0
Seed set to 0
Seed set to 0
Seed set to 0
21:42:17 done vit_cifar100_bpp_0_05 345 s
21:42:17 start vit_cifar100_bpp_0_1
/lustre/home/pstika/projects/PSBD-ViT/.venv/lib/python3.11/site-packages/torchvision/transforms/v2/_deprecated.py:42: UserWarning: The transform `ToTensor()` is deprecated and will be removed in a future release. Instead, please use `v2.Compose([v2.ToImage(), v2.ToDtype(torch.float32, scale=True)])`.Output is equivalent up to float precision.
  warnings.warn(
Seed set to 0
Seed set to 0
Seed set to 0
Seed set to 0
21:47:29 done vit_cifar100_bpp_0_1 312 s
21:47:29 start vit_cifar100_lf_0_01
/lustre/home/pstika/projects/PSBD-ViT/.venv/lib/python3.11/site-packages/torchvision/transforms/v2/_deprecated.py:42: UserWarning: The transform `ToTensor()` is deprecated and will be removed in a future release. Instead, please use `v2.Compose([v2.ToImage(), v2.ToDtype(torch.float32, scale=True)])`.Output is equivalent up to float precision.
  warnings.warn(
Seed set to 0
Seed set to 0
Seed set to 0
Seed set to 0
21:53:23 done vit_cifar100_lf_0_01 354 s
21:53:23 start vit_cifar100_lf_0_05
/lustre/home/pstika/projects/PSBD-ViT/.venv/lib/python3.11/site-packages/torchvision/transforms/v2/_deprecated.py:42: UserWarning: The transform `ToTensor()` is deprecated and will be removed in a future release. Instead, please use `v2.Compose([v2.ToImage(), v2.ToDtype(torch.float32, scale=True)])`.Output is equivalent up to float precision.
  warnings.warn(
Seed set to 0
Seed set to 0
Seed set to 0
Seed set to 0
21:59:08 done vit_cifar100_lf_0_05 345 s
22:35:48 start vit_cifar100_lf_0_1
/lustre/home/pstika/projects/PSBD-ViT/.venv/lib/python3.11/site-packages/torchvision/transforms/v2/_deprecated.py:42: UserWarning: The transform `ToTensor()` is deprecated and will be removed in a future release. Instead, please use `v2.Compose([v2.ToImage(), v2.ToDtype(torch.float32, scale=True)])`.Output is equivalent up to float precision.
  warnings.warn(
Seed set to 0
Seed set to 0
Seed set to 0
Seed set to 0
22:41:46 done vit_cifar100_lf_0_1 357 s
22:41:46 start vit_tiny_badnet_a2o_0_01
/lustre/home/pstika/projects/PSBD-ViT/.venv/lib/python3.11/site-packages/torchvision/transforms/v2/_deprecated.py:42: UserWarning: The transform `ToTensor()` is deprecated and will be removed in a future release. Instead, please use `v2.Compose([v2.ToImage(), v2.ToDtype(torch.float32, scale=True)])`.Output is equivalent up to float precision.
  warnings.warn(
Seed set to 0
Seed set to 0
Seed set to 0
Seed set to 0
22:46:28 done vit_tiny_badnet_a2o_0_01 282 s
22:46:28 start vit_tiny_badnet_a2o_0_05
/lustre/home/pstika/projects/PSBD-ViT/.venv/lib/python3.11/site-packages/torchvision/transforms/v2/_deprecated.py:42: UserWarning: The transform `ToTensor()` is deprecated and will be removed in a future release. Instead, please use `v2.Compose([v2.ToImage(), v2.ToDtype(torch.float32, scale=True)])`.Output is equivalent up to float precision.
  warnings.warn(
Seed set to 0
Seed set to 0
Seed set to 0
Seed set to 0
22:52:41 done vit_tiny_badnet_a2o_0_05 373 s
22:52:41 start vit_tiny_badnet_a2o_0_1
/lustre/home/pstika/projects/PSBD-ViT/.venv/lib/python3.11/site-packages/torchvision/transforms/v2/_deprecated.py:42: UserWarning: The transform `ToTensor()` is deprecated and will be removed in a future release. Instead, please use `v2.Compose([v2.ToImage(), v2.ToDtype(torch.float32, scale=True)])`.Output is equivalent up to float precision.
  warnings.warn(
Seed set to 0
Seed set to 0
Seed set to 0
Seed set to 0
Seed set to 0
Seed set to 0
Seed set to 0
23:03:59 done vit_tiny_badnet_a2o_0_1 679 s
23:03:59 start vit_tiny_blend_0_01
/lustre/home/pstika/projects/PSBD-ViT/.venv/lib/python3.11/site-packages/torchvision/transforms/v2/_deprecated.py:42: UserWarning: The transform `ToTensor()` is deprecated and will be removed in a future release. Instead, please use `v2.Compose([v2.ToImage(), v2.ToDtype(torch.float32, scale=True)])`.Output is equivalent up to float precision.
  warnings.warn(
Seed set to 0
Seed set to 0
Seed set to 0
Seed set to 0
23:09:55 done vit_tiny_blend_0_01 356 s
23:09:55 start vit_tiny_blend_0_05
/lustre/home/pstika/projects/PSBD-ViT/.venv/lib/python3.11/site-packages/torchvision/transforms/v2/_deprecated.py:42: UserWarning: The transform `ToTensor()` is deprecated and will be removed in a future release. Instead, please use `v2.Compose([v2.ToImage(), v2.ToDtype(torch.float32, scale=True)])`.Output is equivalent up to float precision.
  warnings.warn(
Seed set to 0
Seed set to 0
Seed set to 0
Seed set to 0
23:15:51 done vit_tiny_blend_0_05 355 s
23:22:41 start vit_tiny_blend_0_1
/lustre/home/pstika/projects/PSBD-ViT/.venv/lib/python3.11/site-packages/torchvision/transforms/v2/_deprecated.py:42: UserWarning: The transform `ToTensor()` is deprecated and will be removed in a future release. Instead, please use `v2.Compose([v2.ToImage(), v2.ToDtype(torch.float32, scale=True)])`.Output is equivalent up to float precision.
  warnings.warn(
Seed set to 0
Seed set to 0
Seed set to 0
Seed set to 0
Seed set to 0
Seed set to 0
Seed set to 0
23:34:13 done vit_tiny_blend_0_1 692 s
23:34:13 start vit_tiny_bpp_0_01
/lustre/home/pstika/projects/PSBD-ViT/.venv/lib/python3.11/site-packages/torchvision/transforms/v2/_deprecated.py:42: UserWarning: The transform `ToTensor()` is deprecated and will be removed in a future release. Instead, please use `v2.Compose([v2.ToImage(), v2.ToDtype(torch.float32, scale=True)])`.Output is equivalent up to float precision.
  warnings.warn(
Seed set to 0
Seed set to 0
Seed set to 0
Seed set to 0
23:39:44 done vit_tiny_bpp_0_01 331 s
23:39:44 start vit_tiny_bpp_0_05
/lustre/home/pstika/projects/PSBD-ViT/.venv/lib/python3.11/site-packages/torchvision/transforms/v2/_deprecated.py:42: UserWarning: The transform `ToTensor()` is deprecated and will be removed in a future release. Instead, please use `v2.Compose([v2.ToImage(), v2.ToDtype(torch.float32, scale=True)])`.Output is equivalent up to float precision.
  warnings.warn(
Seed set to 0
Seed set to 0
Seed set to 0
Seed set to 0
23:45:17 done vit_tiny_bpp_0_05 333 s
23:45:17 start vit_tiny_bpp_0_1
/lustre/home/pstika/projects/PSBD-ViT/.venv/lib/python3.11/site-packages/torchvision/transforms/v2/_deprecated.py:42: UserWarning: The transform `ToTensor()` is deprecated and will be removed in a future release. Instead, please use `v2.Compose([v2.ToImage(), v2.ToDtype(torch.float32, scale=True)])`.Output is equivalent up to float precision.
  warnings.warn(
Seed set to 0
Seed set to 0
Seed set to 0
Seed set to 0
Seed set to 0
Seed set to 0
23:21:43 start vit_tiny_bpp_0_1
/lustre/home/pstika/projects/PSBD-ViT/.venv/lib/python3.11/site-packages/torchvision/transforms/v2/_deprecated.py:42: UserWarning: The transform `ToTensor()` is deprecated and will be removed in a future release. Instead, please use `v2.Compose([v2.ToImage(), v2.ToDtype(torch.float32, scale=True)])`.Output is equivalent up to float precision.
  warnings.warn(
Seed set to 0
Seed set to 0
Seed set to 0
Seed set to 0
23:30:30 done vit_tiny_bpp_0_1 527 s
23:30:30 start vit_tiny_lf_0_01
/lustre/home/pstika/projects/PSBD-ViT/.venv/lib/python3.11/site-packages/torchvision/transforms/v2/_deprecated.py:42: UserWarning: The transform `ToTensor()` is deprecated and will be removed in a future release. Instead, please use `v2.Compose([v2.ToImage(), v2.ToDtype(torch.float32, scale=True)])`.Output is equivalent up to float precision.
  warnings.warn(
Seed set to 0
Seed set to 0
Seed set to 0
Seed set to 0
23:48:30 done vit_tiny_lf_0_01 1080 s
23:48:30 start vit_tiny_lf_0_05
/lustre/home/pstika/projects/PSBD-ViT/.venv/lib/python3.11/site-packages/torchvision/transforms/v2/_deprecated.py:42: UserWarning: The transform `ToTensor()` is deprecated and will be removed in a future release. Instead, please use `v2.Compose([v2.ToImage(), v2.ToDtype(torch.float32, scale=True)])`.Output is equivalent up to float precision.
  warnings.warn(
Seed set to 0
Seed set to 0
Seed set to 0
Seed set to 0
00:09:49 done vit_tiny_lf_0_05 1278 s
00:17:00 start vit_tiny_lf_0_1
/lustre/home/pstika/projects/PSBD-ViT/.venv/lib/python3.11/site-packages/torchvision/transforms/v2/_deprecated.py:42: UserWarning: The transform `ToTensor()` is deprecated and will be removed in a future release. Instead, please use `v2.Compose([v2.ToImage(), v2.ToDtype(torch.float32, scale=True)])`.Output is equivalent up to float precision.
  warnings.warn(
Seed set to 0
Seed set to 0
Seed set to 0
Seed set to 0
Seed set to 0
Seed set to 0
Seed set to 0
01:04:35 done vit_tiny_lf_0_1 2854 s
01:04:56 start vit_tiny_wanet_0_05
/lustre/home/pstika/projects/PSBD-ViT/.venv/lib/python3.11/site-packages/torchvision/transforms/v2/_deprecated.py:42: UserWarning: The transform `ToTensor()` is deprecated and will be removed in a future release. Instead, please use `v2.Compose([v2.ToImage(), v2.ToDtype(torch.float32, scale=True)])`.Output is equivalent up to float precision.
  warnings.warn(
Seed set to 0
Seed set to 0
Seed set to 0
Seed set to 0
01:28:52 done vit_tiny_wanet_0_05 1436 s
01:28:52 start vit_tiny_wanet_0_1
/lustre/home/pstika/projects/PSBD-ViT/.venv/lib/python3.11/site-packages/torchvision/transforms/v2/_deprecated.py:42: UserWarning: The transform `ToTensor()` is deprecated and will be removed in a future release. Instead, please use `v2.Compose([v2.ToImage(), v2.ToDtype(torch.float32, scale=True)])`.Output is equivalent up to float precision.
  warnings.warn(
Seed set to 0
Seed set to 0
Seed set to 0
Seed set to 0
Seed set to 0
Seed set to 0
Seed set to 0
02:16:15 done vit_tiny_wanet_0_1 2843 s
02:16:32 start vit_gtsrb_badnet_a2o_0_01
/lustre/home/pstika/projects/PSBD-ViT/.venv/lib/python3.11/site-packages/torchvision/transforms/v2/_deprecated.py:42: UserWarning: The transform `ToTensor()` is deprecated and will be removed in a future release. Instead, please use `v2.Compose([v2.ToImage(), v2.ToDtype(torch.float32, scale=True)])`.Output is equivalent up to float precision.
  warnings.warn(
Seed set to 0
Seed set to 0
Seed set to 0
Seed set to 0
02:47:32 done vit_gtsrb_badnet_a2o_0_01 1860 s
02:47:32 start vit_gtsrb_badnet_a2o_0_05
/lustre/home/pstika/projects/PSBD-ViT/.venv/lib/python3.11/site-packages/torchvision/transforms/v2/_deprecated.py:42: UserWarning: The transform `ToTensor()` is deprecated and will be removed in a future release. Instead, please use `v2.Compose([v2.ToImage(), v2.ToDtype(torch.float32, scale=True)])`.Output is equivalent up to float precision.
  warnings.warn(
Seed set to 0
Seed set to 0
Seed set to 0
Seed set to 0
03:17:53 done vit_gtsrb_badnet_a2o_0_05 1821 s
03:18:07 start vit_gtsrb_badnet_a2o_0_1
/lustre/home/pstika/projects/PSBD-ViT/.venv/lib/python3.11/site-packages/torchvision/transforms/v2/_deprecated.py:42: UserWarning: The transform `ToTensor()` is deprecated and will be removed in a future release. Instead, please use `v2.Compose([v2.ToImage(), v2.ToDtype(torch.float32, scale=True)])`.Output is equivalent up to float precision.
  warnings.warn(
Seed set to 0
Seed set to 0
Seed set to 0
Seed set to 0
03:48:32 done vit_gtsrb_badnet_a2o_0_1 1825 s
03:48:32 start vit_gtsrb_blend_0_01
/lustre/home/pstika/projects/PSBD-ViT/.venv/lib/python3.11/site-packages/torchvision/transforms/v2/_deprecated.py:42: UserWarning: The transform `ToTensor()` is deprecated and will be removed in a future release. Instead, please use `v2.Compose([v2.ToImage(), v2.ToDtype(torch.float32, scale=True)])`.Output is equivalent up to float precision.
  warnings.warn(
Seed set to 0
Seed set to 0
Seed set to 0
Seed set to 0
04:08:43 done vit_gtsrb_blend_0_01 1211 s
04:08:52 start vit_gtsrb_blend_0_05
/lustre/home/pstika/projects/PSBD-ViT/.venv/lib/python3.11/site-packages/torchvision/transforms/v2/_deprecated.py:42: UserWarning: The transform `ToTensor()` is deprecated and will be removed in a future release. Instead, please use `v2.Compose([v2.ToImage(), v2.ToDtype(torch.float32, scale=True)])`.Output is equivalent up to float precision.
  warnings.warn(
Seed set to 0
Seed set to 0
Seed set to 0
Seed set to 0
Seed set to 0
Seed set to 0
Seed set to 0
04:26:17 done vit_gtsrb_blend_0_05 1045 s
04:26:17 start vit_gtsrb_blend_0_1
/lustre/home/pstika/projects/PSBD-ViT/.venv/lib/python3.11/site-packages/torchvision/transforms/v2/_deprecated.py:42: UserWarning: The transform `ToTensor()` is deprecated and will be removed in a future release. Instead, please use `v2.Compose([v2.ToImage(), v2.ToDtype(torch.float32, scale=True)])`.Output is equivalent up to float precision.
  warnings.warn(
Seed set to 0
Seed set to 0
Seed set to 0
Seed set to 0
Seed set to 0
Seed set to 0
Seed set to 0
04:45:21 done vit_gtsrb_blend_0_1 1144 s
04:45:21 start vit_gtsrb_bpp_0_05
/lustre/home/pstika/projects/PSBD-ViT/.venv/lib/python3.11/site-packages/torchvision/transforms/v2/_deprecated.py:42: UserWarning: The transform `ToTensor()` is deprecated and will be removed in a future release. Instead, please use `v2.Compose([v2.ToImage(), v2.ToDtype(torch.float32, scale=True)])`.Output is equivalent up to float precision.
  warnings.warn(
Seed set to 0
Seed set to 0
Seed set to 0
Seed set to 0
Seed set to 0
Seed set to 0
Seed set to 0
04:54:24 done vit_gtsrb_bpp_0_05 543 s
